// Jest Snapshot v1, https://goo.gl/fbAQLP

exports[`Server Problems should render matching snapshot 1`] = `
<div
  className="container pt-5"
>
  <div
    className="col-sm"
  >
    <h1>
      Yikes
    </h1>
    <p
      className="pt-3"
    >
      I would get back to you but the server is having problems.
    </p>
  </div>
</div>
`;
